<?xml version="1.0"?>
<testsuites>
  <testsuite name="Chrome 37.0.2062 (Linux)" package="" timestamp="2015-01-16T16:24:54" id="0" hostname="V520">
    <properties>
      <property name="browser.fullName" value="Mozilla/5.0 (X11; Linux x86_64) AppleWebKit/537.36 (KHTML, like Gecko) Chrome/37.0.2062.94 Safari/537.36"/>
    </properties>
  </testsuite>
  <testsuite name="Chrome 37.0.2062 (Linux)" package="" timestamp="2015-01-16T16:24:54" id="0" hostname="V520" tests="15" errors="0" failures="0" time="0.112">
    <properties>
      <property name="browser.fullName" value="Mozilla/5.0 (X11; Linux x86_64) AppleWebKit/537.36 (KHTML, like Gecko) Chrome/37.0.2062.94 Safari/537.36"/>
    </properties>
    <testcase name="should have a VideosCtrl controller" time="0" classname="Chrome 37.0.2062 (Linux).Unit: Testing Controllers"/>
    <testcase name="should have a WatchedVideosCtrl controller" time="0.001" classname="Chrome 37.0.2062 (Linux).Unit: Testing Controllers"/>
    <testcase name="should have a properly working VideosCtrl controller" time="0.02" classname="Chrome 37.0.2062 (Linux).Unit: Testing Controllers"/>
    <testcase name="should have a properly working VideoCtrl controller" time="0.014" classname="Chrome 37.0.2062 (Linux).Unit: Testing Controllers"/>
    <testcase name="should have a properly working WatchedVideosCtrl controller" time="0.011" classname="Chrome 37.0.2062 (Linux).Unit: Testing Controllers"/>
    <testcase name="should display the welcome text properly" time="0.002" classname="Chrome 37.0.2062 (Linux).Unit: Testing Directives"/>
    <testcase name="should have a range filter" time="0.006" classname="Chrome 37.0.2062 (Linux).Unit: Testing Filters"/>
    <testcase name="should have a range filter that produces an array of numbers" time="0.006" classname="Chrome 37.0.2062 (Linux).Unit: Testing Filters"/>
    <testcase name="should return null when nothing is set" time="0.005" classname="Chrome 37.0.2062 (Linux).Unit: Testing Filters"/>
    <testcase name="should return the input when no number is set" time="0.014" classname="Chrome 37.0.2062 (Linux).Unit: Testing Filters"/>
    <testcase name="should contain an $appStorage service" time="0.006" classname="Chrome 37.0.2062 (Linux).Unit: Testing services"/>
    <testcase name="should contain an $appYoutubeSearcher service" time="0.006" classname="Chrome 37.0.2062 (Linux).Unit: Testing services"/>
    <testcase name="should have a owrking $appYoutubeSearcher service" time="0.01" classname="Chrome 37.0.2062 (Linux).Unit: Testing services"/>
    <testcase name="should have a working service that resizes dimensions" time="0.006" classname="Chrome 37.0.2062 (Linux).Unit: Testing services"/>
    <testcase name="should store and save data properly" time="0.005" classname="Chrome 37.0.2062 (Linux).Unit: Testing services"/>
    <system-out><![CDATA[
]]></system-out>
    <system-err/>
  </testsuite>
</testsuites>
